12-15 15:17:28 com_github_MitjaNemec_PlaceFootprints.action_place_footprints 674:Plugin executed on: 'win32'
12-15 15:17:28 com_github_MitjaNemec_PlaceFootprints.action_place_footprints 675:Plugin executed with python version: '3.11.5 (main, Sep 17 2025, 01:04:48) [MSC v.1944 64 bit (AMD64)]'
12-15 15:17:28 com_github_MitjaNemec_PlaceFootprints.action_place_footprints 676:KiCad build version: 9.0.6
12-15 15:17:28 com_github_MitjaNemec_PlaceFootprints.action_place_footprints 677:Plugin version: 4.0.1
12-15 15:17:28 com_github_MitjaNemec_PlaceFootprints.action_place_footprints 678:Frame repr: <wx._core.Frame object at 0x000001DB0A2B3BE0>
12-15 15:17:28 com_github_MitjaNemec_PlaceFootprints.place_footprints 121:getting a list of all footprints on board
12-15 15:17:28 com_github_MitjaNemec_PlaceFootprints.place_footprints 156:Footprint VBUS on root level
12-15 15:17:28 com_github_MitjaNemec_PlaceFootprints.place_footprints 156:Footprint +5V on root level
12-15 15:17:28 com_github_MitjaNemec_PlaceFootprints.place_footprints 156:Footprint VCC_1V2 on root level
12-15 15:17:28 com_github_MitjaNemec_PlaceFootprints.place_footprints 156:Footprint +1V2 on root level
12-15 15:17:28 com_github_MitjaNemec_PlaceFootprints.place_footprints 156:Footprint +1V22 on root level
12-15 15:17:28 com_github_MitjaNemec_PlaceFootprints.place_footprints 156:Footprint VCC_12V on root level
12-15 15:17:28 com_github_MitjaNemec_PlaceFootprints.place_footprints 156:Footprint GND on root level
12-15 15:17:28 com_github_MitjaNemec_PlaceFootprints.place_footprints 156:Footprint +3V31 on root level
12-15 15:17:28 com_github_MitjaNemec_PlaceFootprints.place_footprints 156:Footprint +12V on root level
12-15 15:17:28 com_github_MitjaNemec_PlaceFootprints.place_footprints 156:Footprint VCC_3V3 on root level
12-15 15:17:28 com_github_MitjaNemec_PlaceFootprints.place_footprints 156:Footprint +3V3 on root level
12-15 15:17:28 com_github_MitjaNemec_PlaceFootprints.action_place_footprints 717:Reference footprint='C30'
12-15 15:17:29 com_github_MitjaNemec_PlaceFootprints.action_place_footprints 858:Reference designator is: C
12-15 15:17:29 com_github_MitjaNemec_PlaceFootprints.action_place_footprints 859:Reference number is: 30
12-15 15:17:29 com_github_MitjaNemec_PlaceFootprints.action_place_footprints 891:Sorted and filtered list:
['C1', 'C2', 'C3', 'C4', 'C5', 'C6', 'C7', 'C8', 'C9', 'C10', 'C11', 'C12', 'C13', 'C14', 'C15', 'C16', 'C17', 'C18', 'C19', 'C20', 'C21', 'C22', 'C23', 'C24', 'C25', 'C26', 'C27', 'C28', 'C29', 'C30', 'C31', 'C32', 'C33', 'C34', 'C35', 'C36', 'C37', 'C38', 'C39', 'C40', 'C41', 'C42', 'C43', 'C44', 'C45', 'C46', 'C47', 'C48', 'C49', 'C50', 'C51', 'C52', 'C53', 'C54', 'C55', 'C56', 'C57', 'C58', 'C59', 'C60', 'C61']
12-15 15:17:29 com_github_MitjaNemec_PlaceFootprints.action_place_footprints 376:wx.Colour(240, 240, 240, 255)
12-15 15:18:04 com_github_MitjaNemec_PlaceFootprints.action_place_footprints 507:'1.510'
12-15 15:18:04 com_github_MitjaNemec_PlaceFootprints.action_place_footprints 553:Preparing config for reference linear
12-15 15:18:04 com_github_MitjaNemec_PlaceFootprints.action_place_footprints 573:Saving config file
12-15 15:18:04 com_github_MitjaNemec_PlaceFootprints.action_place_footprints 575:Saved the config file
12-15 15:18:04 com_github_MitjaNemec_PlaceFootprints.action_place_footprints 929:Footprints to place:
['C30', 'C31', 'C32', 'C33']
12-15 15:18:04 com_github_MitjaNemec_PlaceFootprints.place_footprints 396:Starting placing with linear layout
12-15 15:18:04 com_github_MitjaNemec_PlaceFootprints.action_place_footprints 970:Placing complete
